============================= test session starts ==============================
platform darwin -- Python 3.9.6, pytest-8.3.3, pluggy-1.6.0 -- /Users/lucastkacz/Documents/quant/.venv/bin/python3
cachedir: .pytest_cache
rootdir: /Users/lucastkacz/Documents/quant
configfile: pytest.ini
plugins: asyncio-0.24.0, anyio-4.12.0
asyncio: mode=strict, default_loop_scope=None
collecting ... collected 2 items

tests/engine/test_ghost_trader_overrides.py::test_pause_resume_state FAILED [ 50%]
tests/engine/test_ghost_trader_overrides.py::test_execute_emergency_liquidation FAILED [100%]

=================================== FAILURES ===================================
___________________________ test_pause_resume_state ____________________________

state = <src.engine.ghost.state_manager.GhostStateManager object at 0x11add58e0>
pairs = []
notifier = <src.core.notifier.TelegramNotifier object at 0x11add57f0>

    async def process_user_commands(state: GhostStateManager, pairs: List[Dict], notifier: TelegramNotifier):
        """Poll DB for Telegram commands and execute them."""
        global SYSTEM_PAUSED
        commands = state.pop_pending_commands()
        for cmd in commands:
            action = cmd["command"]
            target = cmd["target_pair"]
            logger.info(f"Processing UI Command: {action} on {target}")
    
            try:
                if action == "/stop_all":
                    await execute_emergency_liquidation(state, pairs, notifier, target=None)
                elif action == "/stop":
                    await execute_emergency_liquidation(state, pairs, notifier, target=target)
                elif action == "/pause":
                    SYSTEM_PAUSED = True
                    if notifier:
>                       await notifier.send("⏸️ <b>SYSTEM PAUSED</b>\nNo new trades will be executed.")
E                       TypeError: object MagicMock can't be used in 'await' expression

scripts/ghost_trader.py:270: TypeError

During handling of the above exception, another exception occurred:

memory_state = <src.engine.ghost.state_manager.GhostStateManager object at 0x11add58e0>
mock_notifier = <src.core.notifier.TelegramNotifier object at 0x11add57f0>

    @pytest.mark.asyncio
    async def test_pause_resume_state(memory_state, mock_notifier):
        """Parsing /pause and /resume should successfully manipulate the global SYSTEM_PAUSED boolean."""
        memory_state.write_command("/pause")
    
        # We must import the global from the module to verify it accurately
        import scripts.ghost_trader
    
>       await process_user_commands(memory_state, pairs=[], notifier=mock_notifier)

tests/engine/test_ghost_trader_overrides.py:35: 
_ _ _ _ _ _ _ _ _ _ _ _ _ _ _ _ _ _ _ _ _ _ _ _ _ _ _ _ _ _ _ _ _ _ _ _ _ _ _ _ 

state = <src.engine.ghost.state_manager.GhostStateManager object at 0x11add58e0>
pairs = []
notifier = <src.core.notifier.TelegramNotifier object at 0x11add57f0>

    async def process_user_commands(state: GhostStateManager, pairs: List[Dict], notifier: TelegramNotifier):
        """Poll DB for Telegram commands and execute them."""
        global SYSTEM_PAUSED
        commands = state.pop_pending_commands()
        for cmd in commands:
            action = cmd["command"]
            target = cmd["target_pair"]
            logger.info(f"Processing UI Command: {action} on {target}")
    
            try:
                if action == "/stop_all":
                    await execute_emergency_liquidation(state, pairs, notifier, target=None)
                elif action == "/stop":
                    await execute_emergency_liquidation(state, pairs, notifier, target=target)
                elif action == "/pause":
                    SYSTEM_PAUSED = True
                    if notifier:
                        await notifier.send("⏸️ <b>SYSTEM PAUSED</b>\nNo new trades will be executed.")
                elif action == "/resume":
                    SYSTEM_PAUSED = False
                    if notifier:
                        await notifier.send("▶️ <b>SYSTEM RESUMED</b>\nTick execution restored.")
                else:
                    logger.warning(f"Unknown command {action}")
            except Exception as e:
                logger.error(f"Failed executing command {action}: {e}")
                if notifier:
>                   await notifier.send(f"⚠️ COMMAND FAILED: {action} ({e})")
E                   TypeError: object MagicMock can't be used in 'await' expression

scripts/ghost_trader.py:280: TypeError
----------------------------- Captured stdout call -----------------------------
[32m2026-04-16 20:43:16[0m | [1mINFO    [0m | [36mscripts.ghost_trader[0m:[36mprocess_user_commands[0m - [1mProcessing UI Command: /pause on None[0m
[32m2026-04-16 20:43:16[0m | [31m[1mERROR   [0m | [36mscripts.ghost_trader[0m:[36mprocess_user_commands[0m - [31m[1mFailed executing command /pause: object MagicMock can't be used in 'await' expression[0m
______________________ test_execute_emergency_liquidation ______________________

memory_state = <src.engine.ghost.state_manager.GhostStateManager object at 0x11ae5ed90>
mock_notifier = <src.core.notifier.TelegramNotifier object at 0x11ae5ee50>

    @pytest.mark.asyncio
    async def test_execute_emergency_liquidation(memory_state, mock_notifier):
        """Proves emergency liquidation fetches live prices via mocked API and closes only the requested pair."""
        # Open dummy positions
        memory_state.open_position("BTC|ETH", "BTC", "ETH", "LONG_SPREAD", 50000, 2500, 0.5, 0.5, -2.5, 14)
        memory_state.open_position("SOL|ADA", "SOL", "ADA", "SHORT_SPREAD", 100, 0.5, 0.5, 0.5, 2.5, 14)
    
        # Mock the live fetcher!
        with patch("scripts.ghost_trader.fetch_live_klines") as mock_fetch:
            # Create a tiny mock dataframe
            mock_df = pd.DataFrame({'close': [60000]})
            mock_fetch.return_value = mock_df
    
            # Test 1: Liquidate ONLY SOL|ADA natively
>           await execute_emergency_liquidation(memory_state, pairs=[], notifier=mock_notifier, target="SOL|ADA")

tests/engine/test_ghost_trader_overrides.py:56: 
_ _ _ _ _ _ _ _ _ _ _ _ _ _ _ _ _ _ _ _ _ _ _ _ _ _ _ _ _ _ _ _ _ _ _ _ _ _ _ _ 

state = <src.engine.ghost.state_manager.GhostStateManager object at 0x11ae5ed90>
pairs = []
notifier = <src.core.notifier.TelegramNotifier object at 0x11ae5ee50>
target = 'SOL|ADA'

    async def execute_emergency_liquidation(state: GhostStateManager, pairs: List[Dict], notifier: TelegramNotifier, target: Optional[str] = None):
        """Fetch live prices and force-close open positions."""
        open_positions = state.get_open_positions()
    
        if target:
            open_positions = [p for p in open_positions if p["pair_label"] == target]
    
        if not open_positions:
            if notifier:
                await notifier.send(f"⚠️ Liquidation requested but no positions found for <b>{target or 'ALL'}</b>.")
            return
    
        if notifier:
>           await notifier.send(f"🚨 <b>EXECUTING EMERGENCY LIQUIDATION</b> for {len(open_positions)} pair(s)...")
E           TypeError: object MagicMock can't be used in 'await' expression

scripts/ghost_trader.py:225: TypeError
----------------------------- Captured stdout call -----------------------------
[32m2026-04-16 20:43:16[0m | [1mINFO    [0m | [36msrc.engine.ghost.state_manager[0m:[36mopen_position[0m - [1mGHOST ENTRY | LONG_SPREAD @ A=50000.000000 B=2500.000000 | Weights: A=0.5000 B=0.5000 | Z=-2.5000[0m
[32m2026-04-16 20:43:16[0m | [1mINFO    [0m | [36msrc.engine.ghost.state_manager[0m:[36mopen_position[0m - [1mGHOST ENTRY | SHORT_SPREAD @ A=100.000000 B=0.500000 | Weights: A=0.5000 B=0.5000 | Z=2.5000[0m
=============================== warnings summary ===============================
.venv/lib/python3.9/site-packages/urllib3/__init__.py:35
  /Users/lucastkacz/Documents/quant/.venv/lib/python3.9/site-packages/urllib3/__init__.py:35: NotOpenSSLWarning: urllib3 v2 only supports OpenSSL 1.1.1+, currently the 'ssl' module is compiled with 'LibreSSL 2.8.3'. See: https://github.com/urllib3/urllib3/issues/3020
    warnings.warn(

-- Docs: https://docs.pytest.org/en/stable/how-to/capture-warnings.html
=========================== short test summary info ============================
FAILED tests/engine/test_ghost_trader_overrides.py::test_pause_resume_state
FAILED tests/engine/test_ghost_trader_overrides.py::test_execute_emergency_liquidation
========================= 2 failed, 1 warning in 0.74s =========================
